// Jest Snapshot v1, https://goo.gl/fbAQLP

exports[`renders without crashing 1`] = `
<View
  style={
    Object {
      "alignItems": "center",
      "backgroundColor": "#fff",
      "flex": 1,
      "justifyContent": "flex-start",
      "padding": "5%",
      "width": "100%",
    }
  }
>
  <View
    style={
      Object {
        "margin": "auto",
        "maxWidth": 600,
      }
    }
  >
    <Text
      accessible={true}
      allowFontScaling={true}
      ellipsizeMode="tail"
      style={
        Object {
          "color": "#222",
          "fontSize": 32,
          "fontWeight": "bold",
        }
      }
    >
      Rule of Three
    </Text>
    <View>
      <View
        style={
          Object {
            "flex": -1,
            "flexDirection": "row",
            "justifyContent": "space-between",
            "marginTop": 16,
          }
        }
      >
        <TextInput
          allowFontScaling={true}
          keyboardType="numeric"
          onChangeText={[Function]}
          placeholder="Value 1"
          selectionColor="#7746e8"
          style={
            Array [
              Object {
                "borderColor": "#dedede",
                "borderRadius": 4,
                "borderWidth": 1,
                "color": "#333",
                "fontSize": 24,
                "height": 40,
                "paddingHorizontal": 3,
                "paddingVertical": 8,
                "textAlign": "center",
                "width": "48%",
              },
              undefined,
            ]
          }
          underlineColorAndroid="#7746e8"
        />
        <TextInput
          allowFontScaling={true}
          keyboardType="numeric"
          onChangeText={[Function]}
          placeholder="Value 2 (e.g. 100%)"
          selectionColor="#7746e8"
          style={
            Array [
              Object {
                "borderColor": "#dedede",
                "borderRadius": 4,
                "borderWidth": 1,
                "color": "#333",
                "fontSize": 24,
                "height": 40,
                "paddingHorizontal": 3,
                "paddingVertical": 8,
                "textAlign": "center",
                "width": "48%",
              },
              undefined,
            ]
          }
          underlineColorAndroid="#7746e8"
        />
      </View>
      <View
        style={
          Object {
            "flex": -1,
            "flexDirection": "row",
            "justifyContent": "space-between",
            "marginTop": 16,
          }
        }
      >
        <TextInput
          allowFontScaling={true}
          keyboardType="numeric"
          onChangeText={[Function]}
          placeholder="Value 3"
          selectionColor="#7746e8"
          style={
            Array [
              Object {
                "borderColor": "#dedede",
                "borderRadius": 4,
                "borderWidth": 1,
                "color": "#333",
                "fontSize": 24,
                "height": 40,
                "paddingHorizontal": 3,
                "paddingVertical": 8,
                "textAlign": "center",
                "width": "48%",
              },
              undefined,
            ]
          }
          underlineColorAndroid="#7746e8"
        />
        <TextInput
          allowFontScaling={true}
          disabled={true}
          onFocus={[Function]}
          placeholder="Result"
          selectTextOnFocus={true}
          selectionColor="#7746e8"
          style={
            Array [
              Object {
                "borderColor": "#dedede",
                "borderRadius": 4,
                "borderWidth": 1,
                "color": "#333",
                "fontSize": 24,
                "height": 40,
                "paddingHorizontal": 3,
                "paddingVertical": 8,
                "textAlign": "center",
                "width": "48%",
              },
              Object {
                "fontWeight": "bold",
              },
            ]
          }
          underlineColorAndroid="#7746e8"
          value=""
        />
      </View>
    </View>
  </View>
</View>
`;
